Percent of objects that are an A0: 43.801899999999996 (expected 0.4375)
Percent of objects that are an A1: 37.479800000000004 (expected 0.375)
Percent of objects that are an A2: 34.3617 (expected 0.34375)
Percent of objects that are an A3: 32.805800000000005 (expected 0.328125)
