Expecting 12, 11, 13, 14.01, 2.3, 50, 51, 50, 51
12
11
13
14.01
2.3
50
51
50
51
