Running benchmark...
Richards(RunTime): 85.93162393162393 us.
Done.
