Running benchmark...
DiamondSquare(RunTime): 172.16666666666666 us.
Done.
