Running benchmark...
Tracer(RunTime): 464.6 us.
Done.
