Running benchmark...
DeltaBlue(RunTime): 301.5 us.
Done.
