Running benchmark...
Barnsley Fern Fractal(RunTime): 1558.0 us.
Done.
