Running benchmark...
Matrix(RunTime): 618.6470588235294 us.
Done.
