Running benchmark...
GameOfLife(RunTime): 4263.0 us.
Done.
